[36m[DEBU][0m (tests/engine_tests.c:66): 

────── Run: [34m./tests/engine_tests[0m
[36m[DEBU][0m (tests/engine_tests.c:61): 
────── Sub: [34mtest_loop[0m
[36m[DEBU][0m (tests/engine_tests.c:61): total exec 4807.720 ms
[36m[DEBU][0m (tests/engine_tests.c:66): 

────── Run: [34m./tests/engine_tests[0m
[36m[DEBU][0m (tests/engine_tests.c:61): 
────── Sub: [34mtest_loop[0m
[36m[DEBU][0m (tests/engine_tests.c:61): total exec 4190.543 ms
[36m[DEBU][0m (tests/graphics_tests.c:79): 

────── Run: [34m./tests/graphics_tests[0m
[36m[DEBU][0m (tests/graphics_tests.c:73): 
────── Sub: [34mtest_init[0m
[36m[DEBU][0m (tests/graphics_tests.c:73): total exec 1516.004 ms
[36m[DEBU][0m (tests/graphics_tests.c:74): 
────── Sub: [34mtest_loop[0m
[36m[DEBU][0m (tests/graphics_tests.c:74): total exec 3.895 ms
[36m[DEBU][0m (tests/list_algos_tests.c:91): 

────── Run: [34m./tests/list_algos_tests[0m
[36m[DEBU][0m (tests/list_algos_tests.c:85): 
────── Sub: [34mtest_bubble_sort[0m
[36m[DEBU][0m (tests/list_algos_tests.c:85): total exec 0.002 ms
[36m[DEBU][0m (tests/list_algos_tests.c:86): 
────── Sub: [34mtest_merge_sort[0m
[36m[DEBU][0m (tests/list_algos_tests.c:86): total exec 0.003 ms
[36m[DEBU][0m (tests/list_tests.c:113): 

────── Run: [34m./tests/list_tests[0m
[36m[DEBU][0m (tests/list_tests.c:103): 
────── Sub: [34mtest_create[0m
[36m[DEBU][0m (tests/list_tests.c:103): total exec 0.001 ms
[36m[DEBU][0m (tests/list_tests.c:104): 
────── Sub: [34mtest_push_pop[0m
[36m[DEBU][0m (tests/list_tests.c:104): total exec 0.001 ms
[36m[DEBU][0m (tests/list_tests.c:105): 
────── Sub: [34mtest_unshift[0m
[36m[DEBU][0m (tests/list_tests.c:105): total exec 0.000 ms
[36m[DEBU][0m (tests/list_tests.c:106): 
────── Sub: [34mtest_remove[0m
[36m[DEBU][0m (tests/list_tests.c:106): total exec 0.000 ms
[36m[DEBU][0m (tests/list_tests.c:107): 
────── Sub: [34mtest_shift[0m
[36m[DEBU][0m (tests/list_tests.c:107): total exec 0.000 ms
[36m[DEBU][0m (tests/list_tests.c:108): 
────── Sub: [34mtest_destroy[0m
[36m[DEBU][0m (tests/list_tests.c:108): total exec 0.000 ms
[36m[DEBU][0m (tests/queue_tests.c:62): 

────── Run: [34m./tests/queue_tests[0m
[36m[DEBU][0m (tests/queue_tests.c:55): 
────── Sub: [34mtest_create[0m
[36m[DEBU][0m (tests/queue_tests.c:55): total exec 0.000 ms
[36m[DEBU][0m (tests/queue_tests.c:56): 
────── Sub: [34mtest_send_recv[0m
[36m[DEBU][0m (tests/queue_tests.c:39): VAL: test1 data
[36m[DEBU][0m (tests/queue_tests.c:39): VAL: test2 data
[36m[DEBU][0m (tests/queue_tests.c:39): VAL: test3 data
[36m[DEBU][0m (tests/queue_tests.c:56): total exec 0.003 ms
[36m[DEBU][0m (tests/queue_tests.c:57): 
────── Sub: [34mtest_destroy[0m
[36m[DEBU][0m (tests/queue_tests.c:57): total exec 0.000 ms
[36m[DEBU][0m (tests/stack_tests.c:60): 

────── Run: [34m./tests/stack_tests[0m
[36m[DEBU][0m (tests/stack_tests.c:53): 
────── Sub: [34mtest_create[0m
[36m[DEBU][0m (tests/stack_tests.c:53): total exec 0.000 ms
[36m[DEBU][0m (tests/stack_tests.c:54): 
────── Sub: [34mtest_push_pop[0m
[36m[DEBU][0m (tests/stack_tests.c:54): total exec 0.001 ms
[36m[DEBU][0m (tests/stack_tests.c:55): 
────── Sub: [34mtest_destroy[0m
[36m[DEBU][0m (tests/stack_tests.c:55): total exec 0.000 ms
[36m[DEBU][0m (tests/state_tests.c:104): 

────── Run: [34m./tests/state_tests[0m
[36m[DEBU][0m (tests/state_tests.c:96): 
────── Sub: [34mtest_init[0m
[36m[DEBU][0m (tests/state_tests.c:96): total exec 0.001 ms
[36m[DEBU][0m (tests/state_tests.c:97): 
────── Sub: [34mtest_scale[0m
[36m[DEBU][0m (tests/state_tests.c:97): total exec 0.000 ms
[36m[DEBU][0m (tests/state_tests.c:98): 
────── Sub: [34mtest_push_pop[0m
[36m[DEBU][0m (tests/state_tests.c:98): total exec 0.015 ms
[36m[DEBU][0m (tests/state_tests.c:99): 
────── Sub: [34mtest_free[0m
[36m[DEBU][0m (tests/state_tests.c:99): total exec 0.000 ms
[36m[DEBU][0m (tests/engine_tests.c:66): 

────── Run: [34m./tests/engine_tests[0m
[36m[DEBU][0m (tests/engine_tests.c:61): 
────── Sub: [34mtest_loop[0m
[36m[DEBU][0m (tests/engine_tests.c:61): total exec 5534.402 ms
[36m[DEBU][0m (tests/engine_tests.c:66): 

────── Run: [34m./tests/engine_tests[0m
[36m[DEBU][0m (tests/engine_tests.c:61): 
────── Sub: [34mtest_loop[0m
[36m[DEBU][0m (tests/engine_tests.c:61): total exec 5279.630 ms
[36m[DEBU][0m (tests/graphics_tests.c:79): 

────── Run: [34m./tests/graphics_tests[0m
[36m[DEBU][0m (tests/graphics_tests.c:73): 
────── Sub: [34mtest_init[0m
[36m[DEBU][0m (tests/graphics_tests.c:73): total exec 1324.108 ms
[36m[DEBU][0m (tests/graphics_tests.c:74): 
────── Sub: [34mtest_loop[0m
[36m[DEBU][0m (tests/graphics_tests.c:74): total exec 5.158 ms
[36m[DEBU][0m (tests/list_algos_tests.c:91): 

────── Run: [34m./tests/list_algos_tests[0m
[36m[DEBU][0m (tests/list_algos_tests.c:85): 
────── Sub: [34mtest_bubble_sort[0m
[36m[DEBU][0m (tests/list_algos_tests.c:85): total exec 0.002 ms
[36m[DEBU][0m (tests/list_algos_tests.c:86): 
────── Sub: [34mtest_merge_sort[0m
[36m[DEBU][0m (tests/list_algos_tests.c:86): total exec 0.003 ms
[36m[DEBU][0m (tests/list_tests.c:113): 

────── Run: [34m./tests/list_tests[0m
[36m[DEBU][0m (tests/list_tests.c:103): 
────── Sub: [34mtest_create[0m
[36m[DEBU][0m (tests/list_tests.c:103): total exec 0.000 ms
[36m[DEBU][0m (tests/list_tests.c:104): 
────── Sub: [34mtest_push_pop[0m
[36m[DEBU][0m (tests/list_tests.c:104): total exec 0.001 ms
[36m[DEBU][0m (tests/list_tests.c:105): 
────── Sub: [34mtest_unshift[0m
[36m[DEBU][0m (tests/list_tests.c:105): total exec 0.000 ms
[36m[DEBU][0m (tests/list_tests.c:106): 
────── Sub: [34mtest_remove[0m
[36m[DEBU][0m (tests/list_tests.c:106): total exec 0.000 ms
[36m[DEBU][0m (tests/list_tests.c:107): 
────── Sub: [34mtest_shift[0m
[36m[DEBU][0m (tests/list_tests.c:107): total exec 0.000 ms
[36m[DEBU][0m (tests/list_tests.c:108): 
────── Sub: [34mtest_destroy[0m
[36m[DEBU][0m (tests/list_tests.c:108): total exec 0.000 ms
[36m[DEBU][0m (tests/queue_tests.c:62): 

────── Run: [34m./tests/queue_tests[0m
[36m[DEBU][0m (tests/queue_tests.c:55): 
────── Sub: [34mtest_create[0m
[36m[DEBU][0m (tests/queue_tests.c:55): total exec 0.000 ms
[36m[DEBU][0m (tests/queue_tests.c:56): 
────── Sub: [34mtest_send_recv[0m
[36m[DEBU][0m (tests/queue_tests.c:39): VAL: test1 data
[36m[DEBU][0m (tests/queue_tests.c:39): VAL: test2 data
[36m[DEBU][0m (tests/queue_tests.c:39): VAL: test3 data
[36m[DEBU][0m (tests/queue_tests.c:56): total exec 0.005 ms
[36m[DEBU][0m (tests/queue_tests.c:57): 
────── Sub: [34mtest_destroy[0m
[36m[DEBU][0m (tests/queue_tests.c:57): total exec 0.000 ms
[36m[DEBU][0m (tests/stack_tests.c:60): 

────── Run: [34m./tests/stack_tests[0m
[36m[DEBU][0m (tests/stack_tests.c:53): 
────── Sub: [34mtest_create[0m
[36m[DEBU][0m (tests/stack_tests.c:53): total exec 0.000 ms
[36m[DEBU][0m (tests/stack_tests.c:54): 
────── Sub: [34mtest_push_pop[0m
[36m[DEBU][0m (tests/stack_tests.c:54): total exec 0.001 ms
[36m[DEBU][0m (tests/stack_tests.c:55): 
────── Sub: [34mtest_destroy[0m
[36m[DEBU][0m (tests/stack_tests.c:55): total exec 0.000 ms
[36m[DEBU][0m (tests/state_tests.c:104): 

────── Run: [34m./tests/state_tests[0m
[36m[DEBU][0m (tests/state_tests.c:96): 
────── Sub: [34mtest_init[0m
[36m[DEBU][0m (tests/state_tests.c:96): total exec 0.001 ms
[36m[DEBU][0m (tests/state_tests.c:97): 
────── Sub: [34mtest_scale[0m
[36m[DEBU][0m (tests/state_tests.c:97): total exec 0.000 ms
[36m[DEBU][0m (tests/state_tests.c:98): 
────── Sub: [34mtest_push_pop[0m
[36m[DEBU][0m (tests/state_tests.c:98): total exec 0.024 ms
[36m[DEBU][0m (tests/state_tests.c:99): 
────── Sub: [34mtest_free[0m
[36m[DEBU][0m (tests/state_tests.c:99): total exec 0.000 ms
[36m[DEBU][0m (tests/engine_tests.c:66): 

────── Run: [34m./tests/engine_tests[0m
[36m[DEBU][0m (tests/engine_tests.c:61): 
────── Sub: [34mtest_loop[0m
[36m[DEBU][0m (tests/engine_tests.c:61): total exec 5394.798 ms
